
processing spec_length = 7, draft_model = TinyLlama/TinyLlama-1.1B-Chat-v0.6 .... 
tot_gen_tokens: 8192
seq_thru_put: 1.23 reqs/sec, 
token_latency: 3.18 ms/token 
Peak memory usage (MiB): 21584.993977864582
Peak memory usage (including context) (MiB): 22566.0
Avg accp length: 3.8 
input_size: 7
avg_time: 26.03,

processing spec_length = 6, draft_model = TinyLlama/TinyLlama-1.1B-Chat-v0.6 .... 
tot_gen_tokens: 8192
seq_thru_put: 1.32 reqs/sec, 
token_latency: 2.96 ms/token 
Peak memory usage (MiB): 21584.99365234375
Peak memory usage (including context) (MiB): 22568.0
Avg accp length: 3.5 
input_size: 7
avg_time: 24.28,

processing spec_length = 5, draft_model = TinyLlama/TinyLlama-1.1B-Chat-v0.6 .... 
tot_gen_tokens: 8192
seq_thru_put: 1.43 reqs/sec, 
token_latency: 2.73 ms/token 
Peak memory usage (MiB): 21584.993001302082
Peak memory usage (including context) (MiB): 22568.0
Avg accp length: 3.3 
input_size: 7
avg_time: 22.33,

processing spec_length = 4, draft_model = TinyLlama/TinyLlama-1.1B-Chat-v0.6 .... 
tot_gen_tokens: 8192
seq_thru_put: 1.47 reqs/sec, 
token_latency: 2.65 ms/token 
Peak memory usage (MiB): 21584.992024739582
Peak memory usage (including context) (MiB): 22566.0
Avg accp length: 2.9 
input_size: 7
avg_time: 21.70,

processing spec_length = 3, draft_model = TinyLlama/TinyLlama-1.1B-Chat-v0.6 .... 
tot_gen_tokens: 8192
seq_thru_put: 1.56 reqs/sec, 
token_latency: 2.5 ms/token 
Peak memory usage (MiB): 21584.991536458332
Peak memory usage (including context) (MiB): 22566.0
Avg accp length: 2.4 
input_size: 7
avg_time: 20.49,

processing spec_length = 2, draft_model = TinyLlama/TinyLlama-1.1B-Chat-v0.6 .... 
tot_gen_tokens: 8192
seq_thru_put: 1.52 reqs/sec, 
token_latency: 2.57 ms/token 
Peak memory usage (MiB): 21584.990559895832
Peak memory usage (including context) (MiB): 22564.0
Avg accp length: 1.8 
input_size: 7
avg_time: 21.03,

processing spec_length = 1, draft_model = TinyLlama/TinyLlama-1.1B-Chat-v0.6 .... 
tot_gen_tokens: 8192
seq_thru_put: 1.28 reqs/sec, 
token_latency: 3.06 ms/token 
Peak memory usage (MiB): 21584.990559895832
Peak memory usage (including context) (MiB): 22560.0
Avg accp length: 1.0 
input_size: 7
avg_time: 25.06,

processing spec_length = 0, draft_model = None .... 
tot_gen_tokens: 8192
seq_thru_put: 2.25 reqs/sec, 
token_latency: 1.73 ms/token 
Peak memory usage (MiB): 21606.83447265625
Peak memory usage (including context) (MiB): 22248.0
Avg accp length: 1.0 
input_size: 7
avg_time: 14.20,
saved to /opt/mount_folder/djl-serving/engines/python/setup/djl_python/tests/rolling_batch_test_scripts/data_v2_3_1/lmi_perform_concur_32+Llama-2-13B-Chat-fp16++TinyLlama-1.1B-Chat-v0.6.p
Time elapse: 597.2708659800046s
