
processing spec_length = 7, draft_model = TinyLlama/TinyLlama-1.1B-Chat-v0.6 .... 
tot_gen_tokens: 2048
seq_thru_put: 0.333 reqs/sec, 
token_latency: 11.7 ms/token 
Peak memory usage (MiB): 21504.709309895832
Peak memory usage (including context) (MiB): 22176.0
Avg accp length: 3.8 
input_size: 7
avg_time: 24.06,

processing spec_length = 6, draft_model = TinyLlama/TinyLlama-1.1B-Chat-v0.6 .... 
tot_gen_tokens: 2048
seq_thru_put: 0.343 reqs/sec, 
token_latency: 11.4 ms/token 
Peak memory usage (MiB): 21504.709309895832
Peak memory usage (including context) (MiB): 22174.0
Avg accp length: 3.6 
input_size: 7
avg_time: 23.35,

processing spec_length = 5, draft_model = TinyLlama/TinyLlama-1.1B-Chat-v0.6 .... 
tot_gen_tokens: 2048
seq_thru_put: 0.35 reqs/sec, 
token_latency: 11.2 ms/token 
Peak memory usage (MiB): 21504.709309895832
Peak memory usage (including context) (MiB): 22172.0
Avg accp length: 3.2 
input_size: 7
avg_time: 22.87,

processing spec_length = 4, draft_model = TinyLlama/TinyLlama-1.1B-Chat-v0.6 .... 
tot_gen_tokens: 2048
seq_thru_put: 0.35 reqs/sec, 
token_latency: 11.2 ms/token 
Peak memory usage (MiB): 21504.708333333332
Peak memory usage (including context) (MiB): 22172.0
Avg accp length: 2.9 
input_size: 7
avg_time: 22.86,

processing spec_length = 3, draft_model = TinyLlama/TinyLlama-1.1B-Chat-v0.6 .... 
tot_gen_tokens: 2048
seq_thru_put: 0.351 reqs/sec, 
token_latency: 11.1 ms/token 
Peak memory usage (MiB): 21504.708333333332
Peak memory usage (including context) (MiB): 22172.0
Avg accp length: 2.4 
input_size: 7
avg_time: 22.79,

processing spec_length = 2, draft_model = TinyLlama/TinyLlama-1.1B-Chat-v0.6 .... 
tot_gen_tokens: 2048
seq_thru_put: 0.327 reqs/sec, 
token_latency: 12 ms/token 
Peak memory usage (MiB): 21504.708333333332
Peak memory usage (including context) (MiB): 22172.0
Avg accp length: 1.8 
input_size: 7
avg_time: 24.48,

processing spec_length = 1, draft_model = TinyLlama/TinyLlama-1.1B-Chat-v0.6 .... 
tot_gen_tokens: 2048
seq_thru_put: 0.257 reqs/sec, 
token_latency: 15.2 ms/token 
Peak memory usage (MiB): 21504.705729166668
Peak memory usage (including context) (MiB): 22172.0
Avg accp length: 1.0 
input_size: 7
avg_time: 31.15,

processing spec_length = 0, draft_model = None .... 
tot_gen_tokens: 2048
seq_thru_put: 0.417 reqs/sec, 
token_latency: 9.36 ms/token 
Peak memory usage (MiB): 21396.6123046875
Peak memory usage (including context) (MiB): 22148.0
Avg accp length: 1.0 
input_size: 7
avg_time: 19.17,
saved to /opt/mount_folder/djl-serving/engines/python/setup/djl_python/tests/rolling_batch_test_scripts/data_v2_3_1/lmi_perform_concur_8+Llama-2-70B-Chat-fp16++TinyLlama-1.1B-Chat-v0.6.p
Time elapse: 738.4768333829998s
