
processing spec_length = 5 .... 
tot_gen_tokens: 400
seq_thru_put: 0.879 reqs/sec, 
token_latency: 11.4 ms/token 
Peak memory usage (MiB): 19137.92431640625
Peak memory usage (including context) (MiB): 19576.0
Avg accp length: 2.963768115942029input_size: 5
avg_time: 4.5487356756687705,

processing spec_length = 4 .... 
tot_gen_tokens: 400
seq_thru_put: 0.994 reqs/sec, 
token_latency: 10.1 ms/token 
Peak memory usage (MiB): 19136.68798828125
Peak memory usage (including context) (MiB): 19578.0
Avg accp length: 2.6821192052980134input_size: 5
avg_time: 4.024124592334071,

processing spec_length = 3 .... 
tot_gen_tokens: 400
seq_thru_put: 0.979 reqs/sec, 
token_latency: 10.2 ms/token 
Peak memory usage (MiB): 19136.8173828125
Peak memory usage (including context) (MiB): 19576.0
Avg accp length: 2.2625698324022347input_size: 5
avg_time: 4.0854236939994735,

processing spec_length = 2 .... 
tot_gen_tokens: 400
seq_thru_put: 0.959 reqs/sec, 
token_latency: 10.4 ms/token 
Peak memory usage (MiB): 19136.1943359375
Peak memory usage (including context) (MiB): 19576.0
Avg accp length: 1.743145743145743input_size: 5
avg_time: 4.172703025668549,

processing spec_length = 1 .... 
tot_gen_tokens: 400
seq_thru_put: 0.711 reqs/sec, 
token_latency: 14.1 ms/token 
Peak memory usage (MiB): 19136.017578125
Peak memory usage (including context) (MiB): 19576.0
Avg accp length: 1.0input_size: 5
avg_time: 5.629748682336261,

processing spec_length = 0 .... 
tot_gen_tokens: 400
seq_thru_put: 1.23 reqs/sec, 
token_latency: 8.1 ms/token 
Peak memory usage (MiB): 19138.19189453125
Peak memory usage (including context) (MiB): 19494.0
Avg accp length: 1.0input_size: 5
avg_time: 3.2415368226672094,
saved to /opt/mount_folder/djl-serving/engines/python/setup/djl_python/tests/rolling_batch_test_scripts/data/lmi_perform+Llama-2-7B-Chat-fp16++TinyLlama-1.1B-Chat-v0.6_concur_4.p
Time elapse: 110.48055510099948s
