
processing spec_length = 10, draft_model = TinyLlama/TinyLlama-1.1B-Chat-v0.6 .... 
tot_gen_tokens: 400
seq_thru_put: 1.04 reqs/sec, 
token_latency: 9.7 ms/token 
Peak memory usage (MiB): 60128.789453125
Peak memory usage (including context) (MiB): 80644.3125
Avg accp length: 4.9 
input_size: 10
avg_time: 3.88,

processing spec_length = 9, draft_model = TinyLlama/TinyLlama-1.1B-Chat-v0.6 .... 
tot_gen_tokens: 400
seq_thru_put: 1.02 reqs/sec, 
token_latency: 9.76 ms/token 
Peak memory usage (MiB): 60128.789453125
Peak memory usage (including context) (MiB): 80644.3125
Avg accp length: 4.7 
input_size: 10
avg_time: 3.90,

processing spec_length = 8, draft_model = TinyLlama/TinyLlama-1.1B-Chat-v0.6 .... 
tot_gen_tokens: 400
seq_thru_put: 1.06 reqs/sec, 
token_latency: 9.45 ms/token 
Peak memory usage (MiB): 60128.7884765625
Peak memory usage (including context) (MiB): 80644.3125
Avg accp length: 4.4 
input_size: 10
avg_time: 3.78,

processing spec_length = 7, draft_model = TinyLlama/TinyLlama-1.1B-Chat-v0.6 .... 
tot_gen_tokens: 400
seq_thru_put: 1.07 reqs/sec, 
token_latency: 9.38 ms/token 
Peak memory usage (MiB): 60128.7884765625
Peak memory usage (including context) (MiB): 80644.3125
Avg accp length: 3.9 
input_size: 10
avg_time: 3.75,

processing spec_length = 6, draft_model = TinyLlama/TinyLlama-1.1B-Chat-v0.6 .... 
tot_gen_tokens: 400
seq_thru_put: 1.12 reqs/sec, 
token_latency: 8.92 ms/token 
Peak memory usage (MiB): 60128.7884765625
Peak memory usage (including context) (MiB): 80644.3125
Avg accp length: 3.6 
input_size: 10
avg_time: 3.57,

processing spec_length = 5, draft_model = TinyLlama/TinyLlama-1.1B-Chat-v0.6 .... 
tot_gen_tokens: 400
seq_thru_put: 1.18 reqs/sec, 
token_latency: 8.44 ms/token 
Peak memory usage (MiB): 60128.7876953125
Peak memory usage (including context) (MiB): 80644.3125
Avg accp length: 3.4 
input_size: 10
avg_time: 3.38,

processing spec_length = 4, draft_model = TinyLlama/TinyLlama-1.1B-Chat-v0.6 .... 
tot_gen_tokens: 400
seq_thru_put: 1.18 reqs/sec, 
token_latency: 8.48 ms/token 
Peak memory usage (MiB): 60128.7884765625
Peak memory usage (including context) (MiB): 80644.3125
Avg accp length: 3.0 
input_size: 10
avg_time: 3.39,

processing spec_length = 3, draft_model = TinyLlama/TinyLlama-1.1B-Chat-v0.6 .... 
tot_gen_tokens: 400
seq_thru_put: 1.08 reqs/sec, 
token_latency: 9.22 ms/token 
Peak memory usage (MiB): 60128.7884765625
Peak memory usage (including context) (MiB): 80644.3125
Avg accp length: 2.4 
input_size: 10
avg_time: 3.69,

processing spec_length = 2, draft_model = TinyLlama/TinyLlama-1.1B-Chat-v0.6 .... 
tot_gen_tokens: 400
seq_thru_put: 0.984 reqs/sec, 
token_latency: 10.2 ms/token 
Peak memory usage (MiB): 60128.7876953125
Peak memory usage (including context) (MiB): 80644.3125
Avg accp length: 1.8 
input_size: 10
avg_time: 4.06,

processing spec_length = 1, draft_model = TinyLlama/TinyLlama-1.1B-Chat-v0.6 .... 
tot_gen_tokens: 400
seq_thru_put: 0.659 reqs/sec, 
token_latency: 15.2 ms/token 
Peak memory usage (MiB): 60128.7876953125
Peak memory usage (including context) (MiB): 80644.3125
Avg accp length: 1.0 
input_size: 10
avg_time: 6.07,

processing spec_length = 0, draft_model = None .... 
tot_gen_tokens: 400
seq_thru_put: 1.35 reqs/sec, 
token_latency: 7.41 ms/token 
Peak memory usage (MiB): 75455.38232421875
Peak memory usage (including context) (MiB): 80408.3125
Avg accp length: 1.0 
input_size: 10
avg_time: 2.96,
saved to /opt/mount_folder/djl-serving-forked/engines/python/setup/djl_python/tests/rolling_batch_test_scripts/data_v2_3/lmi_perform_concur_4+Llama-2-13B-Chat-fp16++TinyLlama-1.1B-Chat-v0.6.p
Time elapse: 297.1759637390205s
