
processing spec_length = 10, draft_model = TinyLlama/TinyLlama-1.1B-Chat-v0.6 .... 
tot_gen_tokens: 100
seq_thru_put: 0.321 reqs/sec, 
token_latency: 31.2 ms/token 
Peak memory usage (MiB): 60114.13330078125
Peak memory usage (including context) (MiB): 80622.3125
Avg accp length: 4.2 
input_size: 10
avg_time: 3.12,

processing spec_length = 9, draft_model = TinyLlama/TinyLlama-1.1B-Chat-v0.6 .... 
tot_gen_tokens: 100
seq_thru_put: 0.342 reqs/sec, 
token_latency: 29.2 ms/token 
Peak memory usage (MiB): 60113.880859375
Peak memory usage (including context) (MiB): 80622.3125
Avg accp length: 4.2 
input_size: 10
avg_time: 2.92,

processing spec_length = 8, draft_model = TinyLlama/TinyLlama-1.1B-Chat-v0.6 .... 
tot_gen_tokens: 100
seq_thru_put: 0.324 reqs/sec, 
token_latency: 30.9 ms/token 
Peak memory usage (MiB): 60113.63671875
Peak memory usage (including context) (MiB): 80622.3125
Avg accp length: 3.7 
input_size: 10
avg_time: 3.09,

processing spec_length = 7, draft_model = TinyLlama/TinyLlama-1.1B-Chat-v0.6 .... 
tot_gen_tokens: 100
seq_thru_put: 0.335 reqs/sec, 
token_latency: 29.9 ms/token 
Peak memory usage (MiB): 60113.392578125
Peak memory usage (including context) (MiB): 80620.3125
Avg accp length: 3.6 
input_size: 10
avg_time: 2.99,

processing spec_length = 6, draft_model = TinyLlama/TinyLlama-1.1B-Chat-v0.6 .... 
tot_gen_tokens: 100
seq_thru_put: 0.364 reqs/sec, 
token_latency: 27.5 ms/token 
Peak memory usage (MiB): 60113.1484375
Peak memory usage (including context) (MiB): 80620.3125
Avg accp length: 3.4 
input_size: 10
avg_time: 2.75,

processing spec_length = 5, draft_model = TinyLlama/TinyLlama-1.1B-Chat-v0.6 .... 
tot_gen_tokens: 100
seq_thru_put: 0.386 reqs/sec, 
token_latency: 25.9 ms/token 
Peak memory usage (MiB): 60112.904296875
Peak memory usage (including context) (MiB): 80620.3125
Avg accp length: 3.3 
input_size: 10
avg_time: 2.59,

processing spec_length = 4, draft_model = TinyLlama/TinyLlama-1.1B-Chat-v0.6 .... 
tot_gen_tokens: 100
seq_thru_put: 0.358 reqs/sec, 
token_latency: 27.9 ms/token 
Peak memory usage (MiB): 60112.7896484375
Peak memory usage (including context) (MiB): 80620.3125
Avg accp length: 2.7 
input_size: 10
avg_time: 2.79,

processing spec_length = 3, draft_model = TinyLlama/TinyLlama-1.1B-Chat-v0.6 .... 
tot_gen_tokens: 100
seq_thru_put: 0.361 reqs/sec, 
token_latency: 27.7 ms/token 
Peak memory usage (MiB): 60112.7896484375
Peak memory usage (including context) (MiB): 80620.3125
Avg accp length: 2.5 
input_size: 10
avg_time: 2.77,

processing spec_length = 2, draft_model = TinyLlama/TinyLlama-1.1B-Chat-v0.6 .... 
tot_gen_tokens: 100
seq_thru_put: 0.29 reqs/sec, 
token_latency: 34.5 ms/token 
Peak memory usage (MiB): 60112.7896484375
Peak memory usage (including context) (MiB): 80620.3125
Avg accp length: 1.7 
input_size: 10
avg_time: 3.45,

processing spec_length = 1, draft_model = TinyLlama/TinyLlama-1.1B-Chat-v0.6 .... 
tot_gen_tokens: 100
seq_thru_put: 0.173 reqs/sec, 
token_latency: 57.7 ms/token 
Peak memory usage (MiB): 60112.7896484375
Peak memory usage (including context) (MiB): 80620.3125
Avg accp length: 1.0 
input_size: 10
avg_time: 5.77,

processing spec_length = 0, draft_model = None .... 
tot_gen_tokens: 100
seq_thru_put: 0.363 reqs/sec, 
token_latency: 27.5 ms/token 
Peak memory usage (MiB): 75445.11279296875
Peak memory usage (including context) (MiB): 80406.3125
Avg accp length: 1.0 
input_size: 10
avg_time: 2.75,
saved to /opt/mount_folder/djl-serving-forked/engines/python/setup/djl_python/tests/rolling_batch_test_scripts/data_v2_3/lmi_perform_concur_1+Llama-2-13B-Chat-fp16++TinyLlama-1.1B-Chat-v0.6.p
Time elapse: 256.1816271560092s
