
processing spec_length = 10, draft_model = TinyLlama/TinyLlama-1.1B-Chat-v0.6 .... 
tot_gen_tokens: 3200
seq_thru_put: 5.16 reqs/sec, 
token_latency: 1.94 ms/token 
Peak memory usage (MiB): 60245.54404296875
Peak memory usage (including context) (MiB): 80868.3125
Avg accp length: 4.3 
input_size: 10
avg_time: 6.21,

processing spec_length = 9, draft_model = TinyLlama/TinyLlama-1.1B-Chat-v0.6 .... 
tot_gen_tokens: 3200
seq_thru_put: 5.34 reqs/sec, 
token_latency: 1.87 ms/token 
Peak memory usage (MiB): 60245.54482421875
Peak memory usage (including context) (MiB): 80868.3125
Avg accp length: 4.2 
input_size: 10
avg_time: 5.99,

processing spec_length = 8, draft_model = TinyLlama/TinyLlama-1.1B-Chat-v0.6 .... 
tot_gen_tokens: 3200
seq_thru_put: 5.98 reqs/sec, 
token_latency: 1.67 ms/token 
Peak memory usage (MiB): 60245.54384765625
Peak memory usage (including context) (MiB): 80866.3125
Avg accp length: 4.0 
input_size: 10
avg_time: 5.35,

processing spec_length = 7, draft_model = TinyLlama/TinyLlama-1.1B-Chat-v0.6 .... 
tot_gen_tokens: 3200
seq_thru_put: 5.92 reqs/sec, 
token_latency: 1.69 ms/token 
Peak memory usage (MiB): 60245.543359375
Peak memory usage (including context) (MiB): 80866.3125
Avg accp length: 3.6 
input_size: 10
avg_time: 5.41,

processing spec_length = 6, draft_model = TinyLlama/TinyLlama-1.1B-Chat-v0.6 .... 
tot_gen_tokens: 3200
seq_thru_put: 6.12 reqs/sec, 
token_latency: 1.63 ms/token 
Peak memory usage (MiB): 60245.5423828125
Peak memory usage (including context) (MiB): 80864.3125
Avg accp length: 3.4 
input_size: 10
avg_time: 5.23,

processing spec_length = 5, draft_model = TinyLlama/TinyLlama-1.1B-Chat-v0.6 .... 
tot_gen_tokens: 3200
seq_thru_put: 6.67 reqs/sec, 
token_latency: 1.5 ms/token 
Peak memory usage (MiB): 60245.5416015625
Peak memory usage (including context) (MiB): 80866.3125
Avg accp length: 3.2 
input_size: 10
avg_time: 4.80,

processing spec_length = 4, draft_model = TinyLlama/TinyLlama-1.1B-Chat-v0.6 .... 
tot_gen_tokens: 3200
seq_thru_put: 6.85 reqs/sec, 
token_latency: 1.46 ms/token 
Peak memory usage (MiB): 60245.54140625
Peak memory usage (including context) (MiB): 80866.3125
Avg accp length: 2.9 
input_size: 10
avg_time: 4.67,

processing spec_length = 3, draft_model = TinyLlama/TinyLlama-1.1B-Chat-v0.6 .... 
tot_gen_tokens: 3200
seq_thru_put: 6.68 reqs/sec, 
token_latency: 1.5 ms/token 
Peak memory usage (MiB): 60245.54091796875
Peak memory usage (including context) (MiB): 80866.3125
Avg accp length: 2.4 
input_size: 10
avg_time: 4.79,

processing spec_length = 2, draft_model = TinyLlama/TinyLlama-1.1B-Chat-v0.6 .... 
tot_gen_tokens: 3200
seq_thru_put: 5.75 reqs/sec, 
token_latency: 1.74 ms/token 
Peak memory usage (MiB): 60245.53935546875
Peak memory usage (including context) (MiB): 80864.3125
Avg accp length: 1.8 
input_size: 10
avg_time: 5.57,

processing spec_length = 1, draft_model = TinyLlama/TinyLlama-1.1B-Chat-v0.6 .... 
tot_gen_tokens: 3200
seq_thru_put: 4.3 reqs/sec, 
token_latency: 2.33 ms/token 
Peak memory usage (MiB): 60245.53916015625
Peak memory usage (including context) (MiB): 80860.3125
Avg accp length: 1.0 
input_size: 10
avg_time: 7.45,

processing spec_length = 0, draft_model = None .... 
tot_gen_tokens: 3200
seq_thru_put: 8.44 reqs/sec, 
token_latency: 1.18 ms/token 
Peak memory usage (MiB): 75526.7763671875
Peak memory usage (including context) (MiB): 80548.3125
Avg accp length: 1.0 
input_size: 10
avg_time: 3.79,
saved to /opt/mount_folder/djl-serving-forked/engines/python/setup/djl_python/tests/rolling_batch_test_scripts/data_v2_3/lmi_perform_concur_32+Llama-2-13B-Chat-fp16++TinyLlama-1.1B-Chat-v0.6.p
Time elapse: 378.10960009801784s
