
processing spec_length = 10, draft_model = TinyLlama/TinyLlama-1.1B-Chat-v0.6 .... 
tot_gen_tokens: 3200
seq_thru_put: 3.52 reqs/sec, 
token_latency: 2.84 ms/token 
Peak memory usage (MiB): 60250.313802083336
Peak memory usage (including context) (MiB): 80616.3125
Avg accp length: 3.7input_size: 10
avg_time: 9.08,

processing spec_length = 9, draft_model = TinyLlama/TinyLlama-1.1B-Chat-v0.6 .... 
tot_gen_tokens: 3200
seq_thru_put: 3.68 reqs/sec, 
token_latency: 2.72 ms/token 
Peak memory usage (MiB): 60239.10302734375
Peak memory usage (including context) (MiB): 80614.3125
Avg accp length: 3.5input_size: 10
avg_time: 8.69,

processing spec_length = 8, draft_model = TinyLlama/TinyLlama-1.1B-Chat-v0.6 .... 
tot_gen_tokens: 3200
seq_thru_put: 3.8 reqs/sec, 
token_latency: 2.63 ms/token 
Peak memory usage (MiB): 60229.465983072914
Peak memory usage (including context) (MiB): 80602.3125
Avg accp length: 3.4input_size: 10
avg_time: 8.41,

processing spec_length = 7, draft_model = TinyLlama/TinyLlama-1.1B-Chat-v0.6 .... 
tot_gen_tokens: 3200
seq_thru_put: 4 reqs/sec, 
token_latency: 2.5 ms/token 
Peak memory usage (MiB): 60219.654134114586
Peak memory usage (including context) (MiB): 80596.3125
Avg accp length: 3.3input_size: 10
avg_time: 7.99,

processing spec_length = 6, draft_model = TinyLlama/TinyLlama-1.1B-Chat-v0.6 .... 
tot_gen_tokens: 3200
seq_thru_put: 4.16 reqs/sec, 
token_latency: 2.4 ms/token 
Peak memory usage (MiB): 60210.291341145836
Peak memory usage (including context) (MiB): 80582.3125
Avg accp length: 3.2input_size: 10
avg_time: 7.69,

processing spec_length = 5, draft_model = TinyLlama/TinyLlama-1.1B-Chat-v0.6 .... 
tot_gen_tokens: 3200
seq_thru_put: 4.42 reqs/sec, 
token_latency: 2.26 ms/token 
Peak memory usage (MiB): 60199.982096354164
Peak memory usage (including context) (MiB): 80556.3125
Avg accp length: 3.0input_size: 10
avg_time: 7.23,

processing spec_length = 4, draft_model = TinyLlama/TinyLlama-1.1B-Chat-v0.6 .... 
tot_gen_tokens: 3200
seq_thru_put: 4.48 reqs/sec, 
token_latency: 2.23 ms/token 
Peak memory usage (MiB): 60196.013671875
Peak memory usage (including context) (MiB): 80558.3125
Avg accp length: 2.6input_size: 10
avg_time: 7.14,

processing spec_length = 3, draft_model = TinyLlama/TinyLlama-1.1B-Chat-v0.6 .... 
tot_gen_tokens: 3200
seq_thru_put: 4.34 reqs/sec, 
token_latency: 2.31 ms/token 
Peak memory usage (MiB): 60196.013671875
Peak memory usage (including context) (MiB): 80556.3125
Avg accp length: 2.3input_size: 10
avg_time: 7.38,

processing spec_length = 2, draft_model = TinyLlama/TinyLlama-1.1B-Chat-v0.6 .... 
tot_gen_tokens: 3200
seq_thru_put: 3.76 reqs/sec, 
token_latency: 2.66 ms/token 
Peak memory usage (MiB): 60196.0126953125
Peak memory usage (including context) (MiB): 80556.3125
Avg accp length: 1.7input_size: 10
avg_time: 8.51,

processing spec_length = 1, draft_model = TinyLlama/TinyLlama-1.1B-Chat-v0.6 .... 
tot_gen_tokens: 3200
seq_thru_put: 2.59 reqs/sec, 
token_latency: 3.86 ms/token 
Peak memory usage (MiB): 60196.0126953125
Peak memory usage (including context) (MiB): 80554.3125
Avg accp length: 1.0input_size: 10
avg_time: 12.35,

processing spec_length = 0, draft_model = None .... 
tot_gen_tokens: 3200
seq_thru_put: 5.72 reqs/sec, 
token_latency: 1.75 ms/token 
Peak memory usage (MiB): 75374.380859375
Peak memory usage (including context) (MiB): 80310.3125
Avg accp length: 1.0input_size: 10
avg_time: 5.59,
saved to /opt/mount_folder/djl-serving-forked/engines/python/setup/djl_python/tests/rolling_batch_test_scripts/data/lmi_perform_concur_32+Llama-2-70B-Chat-fp16++TinyLlama-1.1B-Chat-v0.6.p
Time elapse: 443.8834488509965s
