
processing spec_length = 10, draft_model = TinyLlama/TinyLlama-1.1B-Chat-v0.6 .... 
tot_gen_tokens: 100
seq_thru_put: 0.253 reqs/sec, 
token_latency: 39.6 ms/token 
Peak memory usage (MiB): 60315.59228515625
Peak memory usage (including context) (MiB): 80594.3125
Avg accp length: 3.6input_size: 10
avg_time: 3.96,

processing spec_length = 9, draft_model = TinyLlama/TinyLlama-1.1B-Chat-v0.6 .... 
tot_gen_tokens: 100
seq_thru_put: 0.339 reqs/sec, 
token_latency: 29.5 ms/token 
Peak memory usage (MiB): 60315.3388671875
Peak memory usage (including context) (MiB): 80594.3125
Avg accp length: 3.6input_size: 10
avg_time: 2.95,

processing spec_length = 8, draft_model = TinyLlama/TinyLlama-1.1B-Chat-v0.6 .... 
tot_gen_tokens: 100
seq_thru_put: 0.295 reqs/sec, 
token_latency: 34 ms/token 
Peak memory usage (MiB): 60315.0947265625
Peak memory usage (including context) (MiB): 80592.3125
Avg accp length: 3.6input_size: 10
avg_time: 3.40,

processing spec_length = 7, draft_model = TinyLlama/TinyLlama-1.1B-Chat-v0.6 .... 
tot_gen_tokens: 100
seq_thru_put: 0.308 reqs/sec, 
token_latency: 32.5 ms/token 
Peak memory usage (MiB): 60314.850260416664
Peak memory usage (including context) (MiB): 80592.3125
Avg accp length: 3.5input_size: 10
avg_time: 3.25,

processing spec_length = 6, draft_model = TinyLlama/TinyLlama-1.1B-Chat-v0.6 .... 
tot_gen_tokens: 100
seq_thru_put: 0.34 reqs/sec, 
token_latency: 29.4 ms/token 
Peak memory usage (MiB): 60314.606119791664
Peak memory usage (including context) (MiB): 80592.3125
Avg accp length: 3.4input_size: 10
avg_time: 2.94,

processing spec_length = 5, draft_model = TinyLlama/TinyLlama-1.1B-Chat-v0.6 .... 
tot_gen_tokens: 100
seq_thru_put: 0.321 reqs/sec, 
token_latency: 31.1 ms/token 
Peak memory usage (MiB): 60314.36328125
Peak memory usage (including context) (MiB): 80592.3125
Avg accp length: 3.0input_size: 10
avg_time: 3.11,

processing spec_length = 4, draft_model = TinyLlama/TinyLlama-1.1B-Chat-v0.6 .... 
tot_gen_tokens: 100
seq_thru_put: 0.33 reqs/sec, 
token_latency: 30.3 ms/token 
Peak memory usage (MiB): 60314.2470703125
Peak memory usage (including context) (MiB): 80592.3125
Avg accp length: 2.8input_size: 10
avg_time: 3.03,

processing spec_length = 3, draft_model = TinyLlama/TinyLlama-1.1B-Chat-v0.6 .... 
tot_gen_tokens: 100
seq_thru_put: 0.406 reqs/sec, 
token_latency: 24.6 ms/token 
Peak memory usage (MiB): 60314.2470703125
Peak memory usage (including context) (MiB): 80592.3125
Avg accp length: 2.4input_size: 10
avg_time: 2.46,

processing spec_length = 2, draft_model = TinyLlama/TinyLlama-1.1B-Chat-v0.6 .... 
tot_gen_tokens: 100
seq_thru_put: 0.346 reqs/sec, 
token_latency: 28.9 ms/token 
Peak memory usage (MiB): 60314.2470703125
Peak memory usage (including context) (MiB): 80592.3125
Avg accp length: 1.8input_size: 10
avg_time: 2.89,

processing spec_length = 1, draft_model = TinyLlama/TinyLlama-1.1B-Chat-v0.6 .... 
tot_gen_tokens: 100
seq_thru_put: 0.235 reqs/sec, 
token_latency: 42.6 ms/token 
Peak memory usage (MiB): 60314.2470703125
Peak memory usage (including context) (MiB): 80592.3125
Avg accp length: 1.0input_size: 10
avg_time: 4.26,

processing spec_length = 0, draft_model = None .... 
tot_gen_tokens: 100
seq_thru_put: 0.504 reqs/sec, 
token_latency: 19.8 ms/token 
Peak memory usage (MiB): 75617.82177734375
Peak memory usage (including context) (MiB): 80460.3125
Avg accp length: 1.0input_size: 10
avg_time: 1.98,
saved to /opt/mount_folder/djl-serving-forked/engines/python/setup/djl_python/tests/rolling_batch_test_scripts/data/lmi_perform_concur_1+Llama-2-7B-Chat-fp16++TinyLlama-1.1B-Chat-v0.6.p
Time elapse: 174.95785523999803s
