
processing spec_length = 10, draft_model = TinyLlama/TinyLlama-1.1B-Chat-v0.6 .... 
tot_gen_tokens: 400
seq_thru_put: 0.54 reqs/sec, 
token_latency: 18.5 ms/token 
Peak memory usage (MiB): 70546.83349609375
Peak memory usage (including context) (MiB): 80378.0625
Avg accp length: 3.6input_size: 10
avg_time: 7.40,

processing spec_length = 9, draft_model = TinyLlama/TinyLlama-1.1B-Chat-v0.6 .... 
tot_gen_tokens: 400
seq_thru_put: 0.566 reqs/sec, 
token_latency: 17.7 ms/token 
Peak memory usage (MiB): 70545.61259765625
Peak memory usage (including context) (MiB): 80378.0625
Avg accp length: 3.4input_size: 10
avg_time: 7.07,

processing spec_length = 8, draft_model = TinyLlama/TinyLlama-1.1B-Chat-v0.6 .... 
tot_gen_tokens: 400
seq_thru_put: 0.583 reqs/sec, 
token_latency: 17.2 ms/token 
Peak memory usage (MiB): 70544.62626953125
Peak memory usage (including context) (MiB): 80378.0625
Avg accp length: 3.4input_size: 10
avg_time: 6.86,

processing spec_length = 7, draft_model = TinyLlama/TinyLlama-1.1B-Chat-v0.6 .... 
tot_gen_tokens: 400
seq_thru_put: 0.612 reqs/sec, 
token_latency: 16.3 ms/token 
Peak memory usage (MiB): 70543.7669921875
Peak memory usage (including context) (MiB): 80378.0625
Avg accp length: 3.3input_size: 10
avg_time: 6.53,

processing spec_length = 6, draft_model = TinyLlama/TinyLlama-1.1B-Chat-v0.6 .... 
tot_gen_tokens: 400
seq_thru_put: 0.629 reqs/sec, 
token_latency: 15.9 ms/token 
Peak memory usage (MiB): 70543.76611328125
Peak memory usage (including context) (MiB): 80378.0625
Avg accp length: 3.1input_size: 10
avg_time: 6.36,

processing spec_length = 5, draft_model = TinyLlama/TinyLlama-1.1B-Chat-v0.6 .... 
tot_gen_tokens: 400
seq_thru_put: 0.67 reqs/sec, 
token_latency: 14.9 ms/token 
Peak memory usage (MiB): 70543.76689453125
Peak memory usage (including context) (MiB): 80378.0625
Avg accp length: 2.9input_size: 10
avg_time: 5.97,

processing spec_length = 4, draft_model = TinyLlama/TinyLlama-1.1B-Chat-v0.6 .... 
tot_gen_tokens: 400
seq_thru_put: 0.678 reqs/sec, 
token_latency: 14.7 ms/token 
Peak memory usage (MiB): 70540.7154296875
Peak memory usage (including context) (MiB): 80378.0625
Avg accp length: 2.6input_size: 10
avg_time: 5.90,

processing spec_length = 3, draft_model = TinyLlama/TinyLlama-1.1B-Chat-v0.6 .... 
tot_gen_tokens: 400
seq_thru_put: 0.648 reqs/sec, 
token_latency: 15.4 ms/token 
Peak memory usage (MiB): 70540.7154296875
Peak memory usage (including context) (MiB): 80378.0625
Avg accp length: 2.3input_size: 10
avg_time: 6.17,

processing spec_length = 2, draft_model = TinyLlama/TinyLlama-1.1B-Chat-v0.6 .... 
tot_gen_tokens: 400
seq_thru_put: 0.55 reqs/sec, 
token_latency: 18.2 ms/token 
Peak memory usage (MiB): 70540.714453125
Peak memory usage (including context) (MiB): 80378.0625
Avg accp length: 1.7input_size: 10
avg_time: 7.27,

processing spec_length = 1, draft_model = TinyLlama/TinyLlama-1.1B-Chat-v0.6 .... 
tot_gen_tokens: 400
seq_thru_put: 0.367 reqs/sec, 
token_latency: 27.2 ms/token 
Peak memory usage (MiB): 70540.714453125
Peak memory usage (including context) (MiB): 80378.0625
Avg accp length: 1.0input_size: 10
avg_time: 10.90,

processing spec_length = 0, draft_model = None .... 
tot_gen_tokens: 400
seq_thru_put: 0.696 reqs/sec, 
token_latency: 14.4 ms/token 
Peak memory usage (MiB): 77096.173828125
Peak memory usage (including context) (MiB): 80526.0625
Avg accp length: 1.0input_size: 10
avg_time: 5.75,
saved to /opt/mount_folder/djl-serving-forked/engines/python/setup/djl_python/tests/rolling_batch_test_scripts/data_v2_2/lmi_perform_concur_4+Llama-2-70B-Chat-fp16++TinyLlama-1.1B-Chat-v0.6.p
Time elapse: 635.7253478299972s
