
processing spec_length = 10, draft_model = TinyLlama/TinyLlama-1.1B-Chat-v0.6 .... 
tot_gen_tokens: 6400
seq_thru_put: 8.26 reqs/sec, 
token_latency: 1.21 ms/token 
Peak memory usage (MiB): 70906.64921875
Peak memory usage (including context) (MiB): 80630.0625
Avg accp length: 4.2input_size: 10
avg_time: 7.75,

processing spec_length = 9, draft_model = TinyLlama/TinyLlama-1.1B-Chat-v0.6 .... 
tot_gen_tokens: 6400
seq_thru_put: 8.57 reqs/sec, 
token_latency: 1.17 ms/token 
Peak memory usage (MiB): 70886.64580078125
Peak memory usage (including context) (MiB): 80610.0625
Avg accp length: 4.0input_size: 10
avg_time: 7.47,

processing spec_length = 8, draft_model = TinyLlama/TinyLlama-1.1B-Chat-v0.6 .... 
tot_gen_tokens: 6400
seq_thru_put: 9.03 reqs/sec, 
token_latency: 1.11 ms/token 
Peak memory usage (MiB): 70866.6443359375
Peak memory usage (including context) (MiB): 80526.0625
Avg accp length: 3.8input_size: 10
avg_time: 7.08,

processing spec_length = 7, draft_model = TinyLlama/TinyLlama-1.1B-Chat-v0.6 .... 
tot_gen_tokens: 6400
seq_thru_put: 9.7 reqs/sec, 
token_latency: 1.03 ms/token 
Peak memory usage (MiB): 70845.32939453125
Peak memory usage (including context) (MiB): 80512.0625
Avg accp length: 3.7input_size: 10
avg_time: 6.60,

processing spec_length = 6, draft_model = TinyLlama/TinyLlama-1.1B-Chat-v0.6 .... 
tot_gen_tokens: 6400
seq_thru_put: 10.2 reqs/sec, 
token_latency: 0.984 ms/token 
Peak memory usage (MiB): 70827.319140625
Peak memory usage (including context) (MiB): 80494.0625
Avg accp length: 3.4input_size: 10
avg_time: 6.30,

processing spec_length = 5, draft_model = TinyLlama/TinyLlama-1.1B-Chat-v0.6 .... 
tot_gen_tokens: 6400
seq_thru_put: 10.7 reqs/sec, 
token_latency: 0.939 ms/token 
Peak memory usage (MiB): 70821.06181640625
Peak memory usage (including context) (MiB): 80426.0625
Avg accp length: 3.2input_size: 10
avg_time: 6.01,

processing spec_length = 4, draft_model = TinyLlama/TinyLlama-1.1B-Chat-v0.6 .... 
tot_gen_tokens: 6400
seq_thru_put: 10.6 reqs/sec, 
token_latency: 0.944 ms/token 
Peak memory usage (MiB): 70808.0341796875
Peak memory usage (including context) (MiB): 80428.0625
Avg accp length: 2.8input_size: 10
avg_time: 6.04,

processing spec_length = 3, draft_model = TinyLlama/TinyLlama-1.1B-Chat-v0.6 .... 
tot_gen_tokens: 6400
seq_thru_put: 10.6 reqs/sec, 
token_latency: 0.946 ms/token 
Peak memory usage (MiB): 70798.6177734375
Peak memory usage (including context) (MiB): 80428.0625
Avg accp length: 2.4input_size: 10
avg_time: 6.05,

processing spec_length = 2, draft_model = TinyLlama/TinyLlama-1.1B-Chat-v0.6 .... 
tot_gen_tokens: 6400
seq_thru_put: 9.63 reqs/sec, 
token_latency: 1.04 ms/token 
Peak memory usage (MiB): 70798.61630859374
Peak memory usage (including context) (MiB): 80428.0625
Avg accp length: 1.8input_size: 10
avg_time: 6.65,

processing spec_length = 1, draft_model = TinyLlama/TinyLlama-1.1B-Chat-v0.6 .... 
tot_gen_tokens: 6400
seq_thru_put: 7.13 reqs/sec, 
token_latency: 1.4 ms/token 
Peak memory usage (MiB): 70798.61533203124
Peak memory usage (including context) (MiB): 80426.0625
Avg accp length: 1.0input_size: 10
avg_time: 8.97,

processing spec_length = 0, draft_model = None .... 
tot_gen_tokens: 6400
seq_thru_put: 13.3 reqs/sec, 
token_latency: 0.753 ms/token 
Peak memory usage (MiB): 77355.486328125
Peak memory usage (including context) (MiB): 80302.0625
Avg accp length: 1.0input_size: 10
avg_time: 4.82,
saved to /opt/mount_folder/djl-serving-forked/engines/python/setup/djl_python/tests/rolling_batch_test_scripts/data_v2_2/lmi_perform_concur_64+Llama-2-13B-Chat-fp16++TinyLlama-1.1B-Chat-v0.6.p
Time elapse: 454.4720215950074s
