
processing spec_length = 10, draft_model = TinyLlama/TinyLlama-1.1B-Chat-v0.6 .... 
tot_gen_tokens: 3200
seq_thru_put: 5.17 reqs/sec, 
token_latency: 1.93 ms/token 
Peak memory usage (MiB): 70802.604296875
Peak memory usage (including context) (MiB): 80438.0625
Avg accp length: 4.2input_size: 10
avg_time: 6.19,

processing spec_length = 9, draft_model = TinyLlama/TinyLlama-1.1B-Chat-v0.6 .... 
tot_gen_tokens: 3200
seq_thru_put: 5.29 reqs/sec, 
token_latency: 1.89 ms/token 
Peak memory usage (MiB): 70792.5564453125
Peak memory usage (including context) (MiB): 80428.0625
Avg accp length: 4.1input_size: 10
avg_time: 6.06,

processing spec_length = 8, draft_model = TinyLlama/TinyLlama-1.1B-Chat-v0.6 .... 
tot_gen_tokens: 3200
seq_thru_put: 5.7 reqs/sec, 
token_latency: 1.75 ms/token 
Peak memory usage (MiB): 70782.5076171875
Peak memory usage (including context) (MiB): 80386.0625
Avg accp length: 3.9input_size: 10
avg_time: 5.61,

processing spec_length = 7, draft_model = TinyLlama/TinyLlama-1.1B-Chat-v0.6 .... 
tot_gen_tokens: 3200
seq_thru_put: 6.13 reqs/sec, 
token_latency: 1.63 ms/token 
Peak memory usage (MiB): 70771.94462890625
Peak memory usage (including context) (MiB): 80378.0625
Avg accp length: 3.7input_size: 10
avg_time: 5.22,

processing spec_length = 6, draft_model = TinyLlama/TinyLlama-1.1B-Chat-v0.6 .... 
tot_gen_tokens: 3200
seq_thru_put: 6.43 reqs/sec, 
token_latency: 1.55 ms/token 
Peak memory usage (MiB): 70762.98564453125
Peak memory usage (including context) (MiB): 80374.0625
Avg accp length: 3.4input_size: 10
avg_time: 4.98,

processing spec_length = 5, draft_model = TinyLlama/TinyLlama-1.1B-Chat-v0.6 .... 
tot_gen_tokens: 3200
seq_thru_put: 6.71 reqs/sec, 
token_latency: 1.49 ms/token 
Peak memory usage (MiB): 70758.54521484375
Peak memory usage (including context) (MiB): 80374.0625
Avg accp length: 3.2input_size: 10
avg_time: 4.77,

processing spec_length = 4, draft_model = TinyLlama/TinyLlama-1.1B-Chat-v0.6 .... 
tot_gen_tokens: 3200
seq_thru_put: 6.61 reqs/sec, 
token_latency: 1.51 ms/token 
Peak memory usage (MiB): 70754.8486328125
Peak memory usage (including context) (MiB): 80356.0625
Avg accp length: 2.8input_size: 10
avg_time: 4.84,

processing spec_length = 3, draft_model = TinyLlama/TinyLlama-1.1B-Chat-v0.6 .... 
tot_gen_tokens: 3200
seq_thru_put: 6.59 reqs/sec, 
token_latency: 1.52 ms/token 
Peak memory usage (MiB): 70748.5572265625
Peak memory usage (including context) (MiB): 80356.0625
Avg accp length: 2.4input_size: 10
avg_time: 4.85,

processing spec_length = 2, draft_model = TinyLlama/TinyLlama-1.1B-Chat-v0.6 .... 
tot_gen_tokens: 3200
seq_thru_put: 5.99 reqs/sec, 
token_latency: 1.67 ms/token 
Peak memory usage (MiB): 70748.55625
Peak memory usage (including context) (MiB): 80334.0625
Avg accp length: 1.8input_size: 10
avg_time: 5.35,

processing spec_length = 1, draft_model = TinyLlama/TinyLlama-1.1B-Chat-v0.6 .... 
tot_gen_tokens: 3200
seq_thru_put: 4.34 reqs/sec, 
token_latency: 2.3 ms/token 
Peak memory usage (MiB): 70748.55625
Peak memory usage (including context) (MiB): 80354.0625
Avg accp length: 1.0input_size: 10
avg_time: 7.37,

processing spec_length = 0, draft_model = None .... 
tot_gen_tokens: 3200
seq_thru_put: 9.92 reqs/sec, 
token_latency: 1.01 ms/token 
Peak memory usage (MiB): 77331.9306640625
Peak memory usage (including context) (MiB): 80226.0625
Avg accp length: 1.0input_size: 10
avg_time: 3.23,
saved to /opt/mount_folder/djl-serving-forked/engines/python/setup/djl_python/tests/rolling_batch_test_scripts/data_v2_2/lmi_perform_concur_32+Llama-2-13B-Chat-fp16++TinyLlama-1.1B-Chat-v0.6.p
Time elapse: 377.36656687301s
