
processing spec_length = 10, draft_model = TinyLlama/TinyLlama-1.1B-Chat-v0.6 .... 
tot_gen_tokens: 3200
seq_thru_put: 4.68 reqs/sec, 
token_latency: 2.13 ms/token 
Peak memory usage (MiB): 70920.9990234375
Peak memory usage (including context) (MiB): 80642.0625
Avg accp length: 3.6input_size: 10
avg_time: 6.83,

processing spec_length = 9, draft_model = TinyLlama/TinyLlama-1.1B-Chat-v0.6 .... 
tot_gen_tokens: 3200
seq_thru_put: 5 reqs/sec, 
token_latency: 2 ms/token 
Peak memory usage (MiB): 70910.98271484375
Peak memory usage (including context) (MiB): 80634.4625
Avg accp length: 3.5input_size: 10
avg_time: 6.40,

processing spec_length = 8, draft_model = TinyLlama/TinyLlama-1.1B-Chat-v0.6 .... 
tot_gen_tokens: 3200
seq_thru_put: 5.28 reqs/sec, 
token_latency: 1.89 ms/token 
Peak memory usage (MiB): 70901.08916015625
Peak memory usage (including context) (MiB): 80594.0625
Avg accp length: 3.5input_size: 10
avg_time: 6.06,

processing spec_length = 7, draft_model = TinyLlama/TinyLlama-1.1B-Chat-v0.6 .... 
tot_gen_tokens: 3200
seq_thru_put: 5.69 reqs/sec, 
token_latency: 1.76 ms/token 
Peak memory usage (MiB): 70890.40947265625
Peak memory usage (including context) (MiB): 80588.0625
Avg accp length: 3.3input_size: 10
avg_time: 5.62,

processing spec_length = 6, draft_model = TinyLlama/TinyLlama-1.1B-Chat-v0.6 .... 
tot_gen_tokens: 3200
seq_thru_put: 6.07 reqs/sec, 
token_latency: 1.65 ms/token 
Peak memory usage (MiB): 70880.416015625
Peak memory usage (including context) (MiB): 80580.0625
Avg accp length: 3.2input_size: 10
avg_time: 5.27,

processing spec_length = 5, draft_model = TinyLlama/TinyLlama-1.1B-Chat-v0.6 .... 
tot_gen_tokens: 3200
seq_thru_put: 6.52 reqs/sec, 
token_latency: 1.53 ms/token 
Peak memory usage (MiB): 70871.2861328125
Peak memory usage (including context) (MiB): 80584.0625
Avg accp length: 3.0input_size: 10
avg_time: 4.91,

processing spec_length = 4, draft_model = TinyLlama/TinyLlama-1.1B-Chat-v0.6 .... 
tot_gen_tokens: 3200
seq_thru_put: 7.53 reqs/sec, 
token_latency: 1.33 ms/token 
Peak memory usage (MiB): 70867.0298828125
Peak memory usage (including context) (MiB): 80564.0625
Avg accp length: 2.7input_size: 10
avg_time: 4.25,

processing spec_length = 3, draft_model = TinyLlama/TinyLlama-1.1B-Chat-v0.6 .... 
tot_gen_tokens: 3200
seq_thru_put: 7.43 reqs/sec, 
token_latency: 1.35 ms/token 
Peak memory usage (MiB): 70867.0298828125
Peak memory usage (including context) (MiB): 80564.0625
Avg accp length: 2.3input_size: 10
avg_time: 4.31,

processing spec_length = 2, draft_model = TinyLlama/TinyLlama-1.1B-Chat-v0.6 .... 
tot_gen_tokens: 3200
seq_thru_put: 7.37 reqs/sec, 
token_latency: 1.36 ms/token 
Peak memory usage (MiB): 70867.02890625
Peak memory usage (including context) (MiB): 80542.0625
Avg accp length: 1.8input_size: 10
avg_time: 4.34,

processing spec_length = 1, draft_model = TinyLlama/TinyLlama-1.1B-Chat-v0.6 .... 
tot_gen_tokens: 3200
seq_thru_put: 5.57 reqs/sec, 
token_latency: 1.79 ms/token 
Peak memory usage (MiB): 70867.02890625
Peak memory usage (including context) (MiB): 80540.0625
Avg accp length: 1.0input_size: 10
avg_time: 5.74,

processing spec_length = 0, draft_model = None .... 
tot_gen_tokens: 3200
seq_thru_put: 11.4 reqs/sec, 
token_latency: 0.878 ms/token 
Peak memory usage (MiB): 77403.8896484375
Peak memory usage (including context) (MiB): 80282.0625
Avg accp length: 1.0input_size: 10
avg_time: 2.81,
saved to /opt/mount_folder/djl-serving-forked/engines/python/setup/djl_python/tests/rolling_batch_test_scripts/data_v2_2/lmi_perform_concur_32+Llama-2-7B-Chat-fp16++TinyLlama-1.1B-Chat-v0.6.p
Time elapse: 351.45162942000024s
