
processing spec_length = 10, draft_model = TinyLlama/TinyLlama-1.1B-Chat-v0.6 .... 
tot_gen_tokens: 6400
seq_thru_put: 7.4 reqs/sec, 
token_latency: 1.35 ms/token 
Peak memory usage (MiB): 71025.07470703125
Peak memory usage (including context) (MiB): 80818.0625
Avg accp length: 3.6input_size: 10
avg_time: 8.65,

processing spec_length = 9, draft_model = TinyLlama/TinyLlama-1.1B-Chat-v0.6 .... 
tot_gen_tokens: 6400
seq_thru_put: 7.84 reqs/sec, 
token_latency: 1.28 ms/token 
Peak memory usage (MiB): 71005.07255859375
Peak memory usage (including context) (MiB): 80796.0625
Avg accp length: 3.5input_size: 10
avg_time: 8.17,

processing spec_length = 8, draft_model = TinyLlama/TinyLlama-1.1B-Chat-v0.6 .... 
tot_gen_tokens: 6400
seq_thru_put: 8.37 reqs/sec, 
token_latency: 1.19 ms/token 
Peak memory usage (MiB): 70985.06865234375
Peak memory usage (including context) (MiB): 80714.0625
Avg accp length: 3.4input_size: 10
avg_time: 7.64,

processing spec_length = 7, draft_model = TinyLlama/TinyLlama-1.1B-Chat-v0.6 .... 
tot_gen_tokens: 6400
seq_thru_put: 9 reqs/sec, 
token_latency: 1.11 ms/token 
Peak memory usage (MiB): 70963.75390625
Peak memory usage (including context) (MiB): 80698.0625
Avg accp length: 3.3input_size: 10
avg_time: 7.11,

processing spec_length = 6, draft_model = TinyLlama/TinyLlama-1.1B-Chat-v0.6 .... 
tot_gen_tokens: 6400
seq_thru_put: 9.6 reqs/sec, 
token_latency: 1.04 ms/token 
Peak memory usage (MiB): 70943.940234375
Peak memory usage (including context) (MiB): 80688.0625
Avg accp length: 3.2input_size: 10
avg_time: 6.66,

processing spec_length = 5, draft_model = TinyLlama/TinyLlama-1.1B-Chat-v0.6 .... 
tot_gen_tokens: 6400
seq_thru_put: 10.3 reqs/sec, 
token_latency: 0.97 ms/token 
Peak memory usage (MiB): 70924.5986328125
Peak memory usage (including context) (MiB): 80634.0625
Avg accp length: 3.0input_size: 10
avg_time: 6.21,

processing spec_length = 4, draft_model = TinyLlama/TinyLlama-1.1B-Chat-v0.6 .... 
tot_gen_tokens: 6400
seq_thru_put: 11.1 reqs/sec, 
token_latency: 0.901 ms/token 
Peak memory usage (MiB): 70917.04453125
Peak memory usage (including context) (MiB): 80616.0625
Avg accp length: 2.7input_size: 10
avg_time: 5.77,

processing spec_length = 3, draft_model = TinyLlama/TinyLlama-1.1B-Chat-v0.6 .... 
tot_gen_tokens: 6400
seq_thru_put: 10.9 reqs/sec, 
token_latency: 0.921 ms/token 
Peak memory usage (MiB): 70917.0435546875
Peak memory usage (including context) (MiB): 80616.0625
Avg accp length: 2.3input_size: 10
avg_time: 5.89,

processing spec_length = 2, draft_model = TinyLlama/TinyLlama-1.1B-Chat-v0.6 .... 
tot_gen_tokens: 6400
seq_thru_put: 10.6 reqs/sec, 
token_latency: 0.942 ms/token 
Peak memory usage (MiB): 70917.04208984374
Peak memory usage (including context) (MiB): 80616.0625
Avg accp length: 1.8input_size: 10
avg_time: 6.03,

processing spec_length = 1, draft_model = TinyLlama/TinyLlama-1.1B-Chat-v0.6 .... 
tot_gen_tokens: 6400
seq_thru_put: 8.07 reqs/sec, 
token_latency: 1.24 ms/token 
Peak memory usage (MiB): 70917.04111328124
Peak memory usage (including context) (MiB): 80612.0625
Avg accp length: 1.0input_size: 10
avg_time: 7.93,

processing spec_length = 0, draft_model = None .... 
tot_gen_tokens: 6400
seq_thru_put: 15.1 reqs/sec, 
token_latency: 0.664 ms/token 
Peak memory usage (MiB): 77425.8515625
Peak memory usage (including context) (MiB): 80362.0625
Avg accp length: 1.0input_size: 10
avg_time: 4.25,
saved to /opt/mount_folder/djl-serving-forked/engines/python/setup/djl_python/tests/rolling_batch_test_scripts/data_v2_2/lmi_perform_concur_64+Llama-2-7B-Chat-fp16++TinyLlama-1.1B-Chat-v0.6.p
Time elapse: 440.9842926870042s
