
processing spec_length = 10, draft_model = TinyLlama/TinyLlama-1.1B-Chat-v0.6 .... 
tot_gen_tokens: 1600
seq_thru_put: 2.82 reqs/sec, 
token_latency: 3.55 ms/token 
Peak memory usage (MiB): 70868.65576171875
Peak memory usage (including context) (MiB): 80574.0625
Avg accp length: 3.6input_size: 10
avg_time: 5.68,

processing spec_length = 9, draft_model = TinyLlama/TinyLlama-1.1B-Chat-v0.6 .... 
tot_gen_tokens: 1600
seq_thru_put: 3.01 reqs/sec, 
token_latency: 3.32 ms/token 
Peak memory usage (MiB): 70862.8357421875
Peak memory usage (including context) (MiB): 80574.0625
Avg accp length: 3.5input_size: 10
avg_time: 5.31,

processing spec_length = 8, draft_model = TinyLlama/TinyLlama-1.1B-Chat-v0.6 .... 
tot_gen_tokens: 1600
seq_thru_put: 3.19 reqs/sec, 
token_latency: 3.13 ms/token 
Peak memory usage (MiB): 70857.9509765625
Peak memory usage (including context) (MiB): 80574.0625
Avg accp length: 3.4input_size: 10
avg_time: 5.01,

processing spec_length = 7, draft_model = TinyLlama/TinyLlama-1.1B-Chat-v0.6 .... 
tot_gen_tokens: 1600
seq_thru_put: 3.47 reqs/sec, 
token_latency: 2.88 ms/token 
Peak memory usage (MiB): 70853.0673828125
Peak memory usage (including context) (MiB): 80574.0625
Avg accp length: 3.3input_size: 10
avg_time: 4.62,

processing spec_length = 6, draft_model = TinyLlama/TinyLlama-1.1B-Chat-v0.6 .... 
tot_gen_tokens: 1600
seq_thru_put: 3.71 reqs/sec, 
token_latency: 2.7 ms/token 
Peak memory usage (MiB): 70848.32568359375
Peak memory usage (including context) (MiB): 80554.0625
Avg accp length: 3.2input_size: 10
avg_time: 4.32,

processing spec_length = 5, draft_model = TinyLlama/TinyLlama-1.1B-Chat-v0.6 .... 
tot_gen_tokens: 1600
seq_thru_put: 4.02 reqs/sec, 
token_latency: 2.49 ms/token 
Peak memory usage (MiB): 70843.7705078125
Peak memory usage (including context) (MiB): 80532.0625
Avg accp length: 3.0input_size: 10
avg_time: 3.98,

processing spec_length = 4, draft_model = TinyLlama/TinyLlama-1.1B-Chat-v0.6 .... 
tot_gen_tokens: 1600
seq_thru_put: 4.39 reqs/sec, 
token_latency: 2.28 ms/token 
Peak memory usage (MiB): 70841.7095703125
Peak memory usage (including context) (MiB): 80532.0625
Avg accp length: 2.7input_size: 10
avg_time: 3.64,

processing spec_length = 3, draft_model = TinyLlama/TinyLlama-1.1B-Chat-v0.6 .... 
tot_gen_tokens: 1600
seq_thru_put: 3.98 reqs/sec, 
token_latency: 2.51 ms/token 
Peak memory usage (MiB): 70842.646484375
Peak memory usage (including context) (MiB): 80532.0625
Avg accp length: 2.3input_size: 10
avg_time: 4.02,

processing spec_length = 2, draft_model = TinyLlama/TinyLlama-1.1B-Chat-v0.6 .... 
tot_gen_tokens: 1600
seq_thru_put: 3.85 reqs/sec, 
token_latency: 2.6 ms/token 
Peak memory usage (MiB): 70841.70859375
Peak memory usage (including context) (MiB): 80532.0625
Avg accp length: 1.8input_size: 10
avg_time: 4.15,

processing spec_length = 1, draft_model = TinyLlama/TinyLlama-1.1B-Chat-v0.6 .... 
tot_gen_tokens: 1600
seq_thru_put: 3.18 reqs/sec, 
token_latency: 3.14 ms/token 
Peak memory usage (MiB): 70841.70859375
Peak memory usage (including context) (MiB): 80534.0625
Avg accp length: 1.0input_size: 10
avg_time: 5.03,

processing spec_length = 0, draft_model = None .... 
tot_gen_tokens: 1600
seq_thru_put: 6.79 reqs/sec, 
token_latency: 1.47 ms/token 
Peak memory usage (MiB): 77394.43701171875
Peak memory usage (including context) (MiB): 80288.0625
Avg accp length: 1.0input_size: 10
avg_time: 2.36,
saved to /opt/mount_folder/djl-serving-forked/engines/python/setup/djl_python/tests/rolling_batch_test_scripts/data_v2_2/lmi_perform_concur_16+Llama-2-7B-Chat-fp16++TinyLlama-1.1B-Chat-v0.6.p
Time elapse: 308.7176939429919s
