
processing spec_length = 0.0, draft_model = None .... 
tot_gen_tokens: 1600
seq_thru_put: 4.71 reqs/sec, 
token_latency: 2.12 ms/token 
Peak memory usage (MiB): 20592.13037109375
Peak memory usage (including context) (MiB): 21918.8125
Avg accp length: 1.0input_size: 5
avg_time: 3.3945417979997123,

processing spec_length = 0.0, draft_model = None .... 
tot_gen_tokens: 1600
seq_thru_put: 4.72 reqs/sec, 
token_latency: 2.12 ms/token 
Peak memory usage (MiB): 20592.13037109375
Peak memory usage (including context) (MiB): 21918.8125
Avg accp length: 1.0input_size: 5
avg_time: 3.392721940333407,

processing spec_length = 0.0, draft_model = None .... 
tot_gen_tokens: 1600
seq_thru_put: 4.74 reqs/sec, 
token_latency: 2.11 ms/token 
Peak memory usage (MiB): 20592.13037109375
Peak memory usage (including context) (MiB): 21918.8125
Avg accp length: 1.0input_size: 5
avg_time: 3.37665593666649,

processing spec_length = 0.0, draft_model = None .... 
tot_gen_tokens: 1600
seq_thru_put: 4.73 reqs/sec, 
token_latency: 2.12 ms/token 
Peak memory usage (MiB): 20592.13037109375
Peak memory usage (including context) (MiB): 21918.8125
Avg accp length: 1.0input_size: 5
avg_time: 3.385207147333252,

processing spec_length = 0.0, draft_model = None .... 
tot_gen_tokens: 1600
seq_thru_put: 4.74 reqs/sec, 
token_latency: 2.11 ms/token 
Peak memory usage (MiB): 20592.13037109375
Peak memory usage (including context) (MiB): 21918.8125
Avg accp length: 1.0input_size: 5
avg_time: 3.3782696750004106,

processing spec_length = 0.0, draft_model = None .... 
tot_gen_tokens: 1600
seq_thru_put: 4.71 reqs/sec, 
token_latency: 2.12 ms/token 
Peak memory usage (MiB): 20592.13037109375
Peak memory usage (including context) (MiB): 21918.8125
Avg accp length: 1.0input_size: 5
avg_time: 3.394918749999912,
saved to /opt/mount_folder/djl-serving/engines/python/setup/djl_python/tests/rolling_batch_test_scripts/data/lmi_perform_concur_16+Llama-2-13B-Chat-fp16++TinyLlama-1.1B-Chat-v0.6.p
Time elapse: 95.0110655970002s
