
processing spec_length = 7, draft_model = TinyLlama/TinyLlama-1.1B-Chat-v0.6 .... 
tot_gen_tokens: 1600
seq_thru_put: 1.14 reqs/sec, 
token_latency: 8.77 ms/token 
Peak memory usage (MiB): 21541.032877604168
Peak memory usage (including context) (MiB): 22310.0
Avg accp length: 3.6 
input_size: 7
avg_time: 14.03,

processing spec_length = 6, draft_model = TinyLlama/TinyLlama-1.1B-Chat-v0.6 .... 
tot_gen_tokens: 1600
seq_thru_put: 1.24 reqs/sec, 
token_latency: 8.07 ms/token 
Peak memory usage (MiB): 21541.032389322918
Peak memory usage (including context) (MiB): 22310.0
Avg accp length: 3.3 
input_size: 7
avg_time: 12.91,

processing spec_length = 5, draft_model = TinyLlama/TinyLlama-1.1B-Chat-v0.6 .... 
tot_gen_tokens: 1600
seq_thru_put: 1.23 reqs/sec, 
token_latency: 8.15 ms/token 
Peak memory usage (MiB): 21541.032389322918
Peak memory usage (including context) (MiB): 22310.0
Avg accp length: 3.1 
input_size: 7
avg_time: 13.03,

processing spec_length = 4, draft_model = TinyLlama/TinyLlama-1.1B-Chat-v0.6 .... 
tot_gen_tokens: 1600
seq_thru_put: 1.32 reqs/sec, 
token_latency: 7.58 ms/token 
Peak memory usage (MiB): 21541.031412760418
Peak memory usage (including context) (MiB): 22312.0
Avg accp length: 2.8 
input_size: 7
avg_time: 12.12,

processing spec_length = 3, draft_model = TinyLlama/TinyLlama-1.1B-Chat-v0.6 .... 
tot_gen_tokens: 1600
seq_thru_put: 1.29 reqs/sec, 
token_latency: 7.75 ms/token 
Peak memory usage (MiB): 21541.031412760418
Peak memory usage (including context) (MiB): 22312.0
Avg accp length: 2.3 
input_size: 7
avg_time: 12.40,

processing spec_length = 2, draft_model = TinyLlama/TinyLlama-1.1B-Chat-v0.6 .... 
tot_gen_tokens: 1600
seq_thru_put: 1.18 reqs/sec, 
token_latency: 8.46 ms/token 
Peak memory usage (MiB): 21541.031412760418
Peak memory usage (including context) (MiB): 22310.0
Avg accp length: 1.8 
input_size: 7
avg_time: 13.53,

processing spec_length = 1, draft_model = TinyLlama/TinyLlama-1.1B-Chat-v0.6 .... 
tot_gen_tokens: 1600
seq_thru_put: 0.94 reqs/sec, 
token_latency: 10.6 ms/token 
Peak memory usage (MiB): 21541.03076171875
Peak memory usage (including context) (MiB): 22312.0
Avg accp length: 1.0 
input_size: 7
avg_time: 17.03,

processing spec_length = 0, draft_model = None .... 
tot_gen_tokens: 1600
seq_thru_put: 1.42 reqs/sec, 
token_latency: 7.04 ms/token 
Peak memory usage (MiB): 21432.76708984375
Peak memory usage (including context) (MiB): 22248.0
Avg accp length: 1.0 
input_size: 7
avg_time: 11.26,
saved to /opt/mount_folder/djl-serving/engines/python/setup/djl_python/tests/rolling_batch_test_scripts/data_v2_3_2/lmi_perform_concur_16+Llama-2-70B-Chat-fp16++TinyLlama-1.1B-Chat-v0.6.p
Time elapse: 495.4324670379938s
