
processing spec_length = 7, draft_model = TinyLlama/TinyLlama-1.1B-Chat-v0.6 .... 
tot_gen_tokens: 3200
seq_thru_put: 1.4 reqs/sec, 
token_latency: 7.17 ms/token 
Peak memory usage (MiB): 21605.721354166668
Peak memory usage (including context) (MiB): 22448.0
Avg accp length: 3.5 
input_size: 7
avg_time: 22.93,

processing spec_length = 6, draft_model = TinyLlama/TinyLlama-1.1B-Chat-v0.6 .... 
tot_gen_tokens: 3200
seq_thru_put: 1.5 reqs/sec, 
token_latency: 6.65 ms/token 
Peak memory usage (MiB): 21605.720377604168
Peak memory usage (including context) (MiB): 22448.0
Avg accp length: 3.3 
input_size: 7
avg_time: 21.28,

processing spec_length = 5, draft_model = TinyLlama/TinyLlama-1.1B-Chat-v0.6 .... 
tot_gen_tokens: 3200
seq_thru_put: 1.63 reqs/sec, 
token_latency: 6.15 ms/token 
Peak memory usage (MiB): 21605.032877604168
Peak memory usage (including context) (MiB): 22450.0
Avg accp length: 3.1 
input_size: 7
avg_time: 19.67,

processing spec_length = 4, draft_model = TinyLlama/TinyLlama-1.1B-Chat-v0.6 .... 
tot_gen_tokens: 3200
seq_thru_put: 1.69 reqs/sec, 
token_latency: 5.91 ms/token 
Peak memory usage (MiB): 21605.031901041668
Peak memory usage (including context) (MiB): 22452.0
Avg accp length: 2.8 
input_size: 7
avg_time: 18.91,

processing spec_length = 3, draft_model = TinyLlama/TinyLlama-1.1B-Chat-v0.6 .... 
tot_gen_tokens: 3200
seq_thru_put: 1.8 reqs/sec, 
token_latency: 5.57 ms/token 
Peak memory usage (MiB): 21605.031412760418
Peak memory usage (including context) (MiB): 22452.0
Avg accp length: 2.3 
input_size: 7
avg_time: 17.82,

processing spec_length = 2, draft_model = TinyLlama/TinyLlama-1.1B-Chat-v0.6 .... 
tot_gen_tokens: 3200
seq_thru_put: 1.75 reqs/sec, 
token_latency: 5.72 ms/token 
Peak memory usage (MiB): 21605.030436197918
Peak memory usage (including context) (MiB): 22450.0
Avg accp length: 1.8 
input_size: 7
avg_time: 18.32,

processing spec_length = 1, draft_model = TinyLlama/TinyLlama-1.1B-Chat-v0.6 .... 
tot_gen_tokens: 3200
seq_thru_put: 1.42 reqs/sec, 
token_latency: 7.04 ms/token 
Peak memory usage (MiB): 21605.02978515625
Peak memory usage (including context) (MiB): 22448.0
Avg accp length: 1.0 
input_size: 7
avg_time: 22.52,

processing spec_length = 0, draft_model = None .... 
tot_gen_tokens: 3200
seq_thru_put: 1.83 reqs/sec, 
token_latency: 5.46 ms/token 
Peak memory usage (MiB): 21496.74560546875
Peak memory usage (including context) (MiB): 22336.0
Avg accp length: 1.0 
input_size: 7
avg_time: 17.47,
saved to /opt/mount_folder/djl-serving/engines/python/setup/djl_python/tests/rolling_batch_test_scripts/data_v2_3_2/lmi_perform_concur_32+Llama-2-70B-Chat-fp16++TinyLlama-1.1B-Chat-v0.6.p
Time elapse: 654.5127519750022s
