
processing spec_length = 7, draft_model = TinyLlama/TinyLlama-1.1B-Chat-v0.6 .... 
tot_gen_tokens: 6400
seq_thru_put: 1.55 reqs/sec, 
token_latency: 6.43 ms/token 
Peak memory usage (MiB): 21751.103190104168
Peak memory usage (including context) (MiB): 22453.333333333332
Avg accp length: 3.6 
input_size: 7
avg_time: 41.17,

processing spec_length = 6, draft_model = TinyLlama/TinyLlama-1.1B-Chat-v0.6 .... 
tot_gen_tokens: 6400
seq_thru_put: 1.66 reqs/sec, 
token_latency: 6.03 ms/token 
Peak memory usage (MiB): 21755.286295572918
Peak memory usage (including context) (MiB): 22438.666666666668
Avg accp length: 3.4 
input_size: 7
avg_time: 38.62,

processing spec_length = 5, draft_model = TinyLlama/TinyLlama-1.1B-Chat-v0.6 .... 
tot_gen_tokens: 6400
seq_thru_put: 1.79 reqs/sec, 
token_latency: 5.59 ms/token 
Peak memory usage (MiB): 21755.285319010418
Peak memory usage (including context) (MiB): 22438.666666666668
Avg accp length: 3.1 
input_size: 7
avg_time: 35.81,

processing spec_length = 4, draft_model = TinyLlama/TinyLlama-1.1B-Chat-v0.6 .... 
tot_gen_tokens: 6400
seq_thru_put: 1.99 reqs/sec, 
token_latency: 5.02 ms/token 
Peak memory usage (MiB): 21755.283854166668
Peak memory usage (including context) (MiB): 22440.666666666668
Avg accp length: 2.8 
input_size: 7
avg_time: 32.16,

processing spec_length = 3, draft_model = TinyLlama/TinyLlama-1.1B-Chat-v0.6 .... 
tot_gen_tokens: 6400
seq_thru_put: 2.11 reqs/sec, 
token_latency: 4.74 ms/token 
Peak memory usage (MiB): 21755.282877604168
Peak memory usage (including context) (MiB): 22442.666666666668
Avg accp length: 2.3 
input_size: 7
avg_time: 30.37,

processing spec_length = 2, draft_model = TinyLlama/TinyLlama-1.1B-Chat-v0.6 .... 
tot_gen_tokens: 6400
seq_thru_put: 2.14 reqs/sec, 
token_latency: 4.68 ms/token 
Peak memory usage (MiB): 21755.281412760418
Peak memory usage (including context) (MiB): 22442.666666666668
Avg accp length: 1.8 
input_size: 7
avg_time: 29.94,

processing spec_length = 1, draft_model = TinyLlama/TinyLlama-1.1B-Chat-v0.6 .... 
tot_gen_tokens: 6400
seq_thru_put: 1.97 reqs/sec, 
token_latency: 5.07 ms/token 
Peak memory usage (MiB): 21755.27978515625
Peak memory usage (including context) (MiB): 22442.666666666668
Avg accp length: 1.0 
input_size: 7
avg_time: 32.45,

processing spec_length = 0, draft_model = None .... 
tot_gen_tokens: 6400
seq_thru_put: 2.39 reqs/sec, 
token_latency: 4.19 ms/token 
Peak memory usage (MiB): 21648.14208984375
Peak memory usage (including context) (MiB): 22574.0
Avg accp length: 1.0 
input_size: 7
avg_time: 26.82,
saved to /opt/mount_folder/djl-serving/engines/python/setup/djl_python/tests/rolling_batch_test_scripts/data_v2_3_2/lmi_perform_concur_64+Llama-2-70B-Chat-fp16++TinyLlama-1.1B-Chat-v0.6.p
Time elapse: 1005.806864017999s
